// Vitest Snapshot v1, https://vitest.dev/guide/snapshot.html

exports[`Render the MovieDetailCard component > mounts without crashing 1`] = `[Function]`;
