// Vitest Snapshot v1, https://vitest.dev/guide/snapshot.html

exports[`Render the MovieCardList component > matches snapshot 1`] = `[Function]`;
