// Vitest Snapshot v1, https://vitest.dev/guide/snapshot.html

exports[`Render the ProfileForm component > mounts without crashing 1`] = `
<DocumentFragment>
  <p>
    Loading...
  </p>
</DocumentFragment>
`;

exports[`Render the ProfileForm component > mounts without crashing 2`] = `
<DocumentFragment>
  <p>
    Loading...
  </p>
</DocumentFragment>
`;
