// Vitest Snapshot v1, https://vitest.dev/guide/snapshot.html

exports[`Renders the ProfilePage component > mounts without crashing 1`] = `
<DocumentFragment>
  <p>
    Loading...
  </p>
</DocumentFragment>
`;
