// Vitest Snapshot v1, https://vitest.dev/guide/snapshot.html

exports[`Render the SignupForm component > mounts without crashing 1`] = `
<DocumentFragment>
  <div
    class="SignupForm"
  >
    <div
      class="row"
    >
      <div
        class="container col-sm-12 col-md-6 offset-md-3 col-lg-4 offset-lg-4"
      >
        <h3
          class="mb-3"
        >
          Sign Up
        </h3>
        <div
          class="card"
        >
          <div
            class="card-body"
          >
            <form
              class=""
            >
              <div
                class="mb-3"
              >
                <label
                  class="form-label"
                  for="username"
                >
                  Username
                </label>
                <input
                  class="form-control"
                  id="username"
                  name="username"
                  required=""
                  type="text"
                  value=""
                />
              </div>
              <div
                class="mb-3"
              >
                <label
                  class="form-label"
                  for="password"
                >
                  Password
                </label>
                <input
                  class="form-control"
                  id="password"
                  name="password"
                  required=""
                  type="password"
                  value=""
                />
              </div>
              <div
                class="mb-3"
              >
                <label
                  class="form-label"
                  for="firstName"
                >
                  First Name
                </label>
                <input
                  class="form-control"
                  id="firstName"
                  name="firstName"
                  required=""
                  type="text"
                  value=""
                />
              </div>
              <div
                class="mb-3"
              >
                <label
                  class="form-label"
                  for="lastName"
                >
                  Last Name
                </label>
                <input
                  class="form-control"
                  id="lastName"
                  name="lastName"
                  required=""
                  type="text"
                  value=""
                />
              </div>
              <div
                class="mb-3"
              >
                <label
                  class="form-label"
                  for="email"
                >
                  Email
                </label>
                <input
                  class="form-control"
                  id="email"
                  name="email"
                  required=""
                  type="email"
                  value=""
                />
              </div>
              <div
                class="d-grid"
              >
                <button
                  class="btn btn-primary"
                >
                  Submit
                </button>
              </div>
            </form>
          </div>
        </div>
      </div>
    </div>
  </div>
</DocumentFragment>
`;
