// Vitest Snapshot v1, https://vitest.dev/guide/snapshot.html

exports[`Render the SimilarMoodOffcanvas component > mounts without crashing 1`] = `[Function]`;
