// Vitest Snapshot v1, https://vitest.dev/guide/snapshot.html

exports[`Render the MoodActivities component > mounts without crashing 1`] = `[Function]`;
