// Vitest Snapshot v1, https://vitest.dev/guide/snapshot.html

exports[`Renders the SearchBar component > mounts without crashing 1`] = `[Function]`;
